[0.025s] Invoking command in '/home/jetson/jetsoncar_ws/build/jetson_teleop': /usr/bin/cmake /home/jetson/jetsoncar_ws/development/jetson_teleop -DCMAKE_INSTALL_PREFIX=/home/jetson/jetsoncar_ws/install/jetson_teleop
[0.035s] [0mCMake Deprecation Warning at CMakeLists.txt:1 (cmake_minimum_required):
[0.035s]   Compatibility with CMake < 2.8.12 will be removed from a future version of
[0.035s]   CMake.
[0.035s] 
[0.035s]   Update the VERSION argument <min> value or use a ...<max> suffix to tell
[0.036s]   CMake that the project does not need compatibility with older versions.
[0.036s] 
[0.036s] [0m
[0.119s] -- The C compiler identification is GNU 11.4.0
[0.226s] -- The CXX compiler identification is GNU 11.4.0
[0.248s] -- Detecting C compiler ABI info
[0.374s] -- Detecting C compiler ABI info - done
[0.401s] -- Check for working C compiler: /usr/bin/cc - skipped
[0.402s] -- Detecting C compile features
[0.404s] -- Detecting C compile features - done
[0.416s] -- Detecting CXX compiler ABI info
[0.565s] -- Detecting CXX compiler ABI info - done
[0.586s] -- Check for working CXX compiler: /usr/bin/c++ - skipped
[0.587s] -- Detecting CXX compile features
[0.589s] -- Detecting CXX compile features - done
[0.617s] [31mCMake Error at CMakeLists.txt:10 (find_package):
[0.617s]   By not providing "Findcatkin.cmake" in CMAKE_MODULE_PATH this project has
[0.617s]   asked CMake to find a package configuration file provided by "catkin", but
[0.618s]   CMake did not find one.
[0.618s] 
[0.618s]   Could not find a package configuration file provided by "catkin" with any
[0.618s]   of the following names:
[0.618s] 
[0.618s]     catkinConfig.cmake
[0.618s]     catkin-config.cmake
[0.618s] 
[0.618s]   Add the installation prefix of "catkin" to CMAKE_PREFIX_PATH or set
[0.618s]   "catkin_DIR" to a directory containing one of the above files.  If "catkin"
[0.619s]   provides a separate development package or SDK, be sure it has been
[0.619s]   installed.
[0.619s] 
[0.619s] -- Configuring incomplete, errors occurred!
[0.619s] See also "/home/jetson/jetsoncar_ws/build/jetson_teleop/CMakeFiles/CMakeOutput.log".
[0.619s] [0m
[0.628s] Invoked command in '/home/jetson/jetsoncar_ws/build/jetson_teleop' returned '1': /usr/bin/cmake /home/jetson/jetsoncar_ws/development/jetson_teleop -DCMAKE_INSTALL_PREFIX=/home/jetson/jetsoncar_ws/install/jetson_teleop
