Determining if the pthread_create exist failed with the following output:
Change Dir: /home/ubuntu/jetsoncar_ws/build/CMakeFiles/CMakeTmp

Run Build Command:"/usr/bin/make" "cmTryCompileExec148301746/fast"
/usr/bin/make -f CMakeFiles/cmTryCompileExec148301746.dir/build.make CMakeFiles/cmTryCompileExec148301746.dir/build
make[1]: Entering directory `/home/ubuntu/jetsoncar_ws/build/CMakeFiles/CMakeTmp'
/usr/bin/cmake -E cmake_progress_report /home/ubuntu/jetsoncar_ws/build/CMakeFiles/CMakeTmp/CMakeFiles 1
Building C object CMakeFiles/cmTryCompileExec148301746.dir/CheckSymbolExists.c.o
/usr/bin/cc    -o CMakeFiles/cmTryCompileExec148301746.dir/CheckSymbolExists.c.o   -c /home/ubuntu/jetsoncar_ws/build/CMakeFiles/CMakeTmp/CheckSymbolExists.c
Linking C executable cmTryCompileExec148301746
/usr/bin/cmake -E cmake_link_script CMakeFiles/cmTryCompileExec148301746.dir/link.txt --verbose=1
/usr/bin/cc       CMakeFiles/cmTryCompileExec148301746.dir/CheckSymbolExists.c.o  -o cmTryCompileExec148301746 -rdynamic 
CMakeFiles/cmTryCompileExec148301746.dir/CheckSymbolExists.c.o: In function `main':
CheckSymbolExists.c:(.text+0xe): undefined reference to `pthread_create'
CheckSymbolExists.c:(.text+0x12): undefined reference to `pthread_create'
make[1]: Leaving directory `/home/ubuntu/jetsoncar_ws/build/CMakeFiles/CMakeTmp'
collect2: error: ld returned 1 exit status
make[1]: *** [cmTryCompileExec148301746] Error 1
make: *** [cmTryCompileExec148301746/fast] Error 2

File /home/ubuntu/jetsoncar_ws/build/CMakeFiles/CMakeTmp/CheckSymbolExists.c:
/* */
#include <pthread.h>

int main(int argc, char** argv)
{
  (void)argv;
#ifndef pthread_create
  return ((int*)(&pthread_create))[argc];
#else
  (void)argc;
  return 0;
#endif
}

Determining if the function pthread_create exists in the pthreads failed with the following output:
Change Dir: /home/ubuntu/jetsoncar_ws/build/CMakeFiles/CMakeTmp

Run Build Command:"/usr/bin/make" "cmTryCompileExec2961551652/fast"
/usr/bin/make -f CMakeFiles/cmTryCompileExec2961551652.dir/build.make CMakeFiles/cmTryCompileExec2961551652.dir/build
make[1]: Entering directory `/home/ubuntu/jetsoncar_ws/build/CMakeFiles/CMakeTmp'
/usr/bin/cmake -E cmake_progress_report /home/ubuntu/jetsoncar_ws/build/CMakeFiles/CMakeTmp/CMakeFiles 1
Building C object CMakeFiles/cmTryCompileExec2961551652.dir/CheckFunctionExists.c.o
/usr/bin/cc   -DCHECK_FUNCTION_EXISTS=pthread_create   -o CMakeFiles/cmTryCompileExec2961551652.dir/CheckFunctionExists.c.o   -c /usr/share/cmake-3.2/Modules/CheckFunctionExists.c
Linking C executable cmTryCompileExec2961551652
/usr/bin/cmake -E cmake_link_script CMakeFiles/cmTryCompileExec2961551652.dir/link.txt --verbose=1
/usr/bin/cc   -DCHECK_FUNCTION_EXISTS=pthread_create    CMakeFiles/cmTryCompileExec2961551652.dir/CheckFunctionExists.c.o  -o cmTryCompileExec2961551652 -rdynamic -lpthreads 
/usr/bin/ld: cannot find -lpthreads
make[1]: Leaving directory `/home/ubuntu/jetsoncar_ws/build/CMakeFiles/CMakeTmp'
collect2: error: ld returned 1 exit status
make[1]: *** [cmTryCompileExec2961551652] Error 1
make: *** [cmTryCompileExec2961551652/fast] Error 2


